Component: ARM Compiler 5.06 update 4 (build 422) Tool: armlink [4d35d2]

==============================================================================

Section Cross References

    main.o(.text) refers to fflti.o(.text) for __aeabi_ui2f
    main.o(.text) refers to f2d.o(.text) for __aeabi_f2d
    main.o(.text) refers to ddiv.o(.text) for __aeabi_ddiv
    main.o(.text) refers to dmul.o(.text) for __aeabi_dmul
    main.o(.text) refers to dfixui.o(.text) for __aeabi_d2uiz
    main.o(.text) refers to system_sn32f700b.o(.text) for SystemInit
    main.o(.text) refers to systick.o(.text) for SysTick_Init
    main.o(.text) refers to gpio.o(.text) for GPIO_Init
    main.o(.text) refers to uart0.o(.text) for UART0_Init
    main.o(.text) refers to aeabi_sdiv.o(.text) for __aeabi_uidivmod
    main.o(.text) refers to main.o(.data) for cnt_limit
    main.o(.text) refers to uart0.o(.data) for usr_duty
    systick.o(.text) refers to system_sn32f700b.o(.text) for SystemCoreClockUpdate
    systick.o(.text) refers to aeabi_sdiv.o(.text) for __aeabi_uidivmod
    systick.o(.text) refers to lludiv.o(.text) for __aeabi_uldivmod
    systick.o(.text) refers to system_sn32f700b.o(.data) for SystemCoreClock
    systick.o(.text) refers to systick.o(.data) for tmrCnt
    uart0.o(.text) refers to uart0.o(.data) for bUART0_RecvFIFO
    uart1.o(.text) refers to uart1.o(.data) for bUART1_RecvFIFO
    startup_sn32f700b.o(STACK) refers (Special) to heapauxi.o(.text) for __use_two_region_memory
    startup_sn32f700b.o(HEAP) refers (Special) to heapauxi.o(.text) for __use_two_region_memory
    startup_sn32f700b.o(RESET) refers (Special) to heapauxi.o(.text) for __use_two_region_memory
    startup_sn32f700b.o(RESET) refers to startup_sn32f700b.o(STACK) for __initial_sp
    startup_sn32f700b.o(RESET) refers to startup_sn32f700b.o(.text) for Reset_Handler
    startup_sn32f700b.o(RESET) refers to main.o(.text) for HardFault_Handler
    startup_sn32f700b.o(RESET) refers to systick.o(.text) for SysTick_Handler
    startup_sn32f700b.o(RESET) refers to uart0.o(.text) for UART0_IRQHandler
    startup_sn32f700b.o(RESET) refers to uart1.o(.text) for UART1_IRQHandler
    startup_sn32f700b.o(RESET) refers to gpio.o(.text) for P3_IRQHandler
    startup_sn32f700b.o(.text) refers (Special) to heapauxi.o(.text) for __use_two_region_memory
    startup_sn32f700b.o(.text) refers to __main.o(!!!main) for __main
    startup_sn32f700b.o(.text) refers to startup_sn32f700b.o(HEAP) for Heap_Mem
    startup_sn32f700b.o(.text) refers to startup_sn32f700b.o(STACK) for Stack_Mem
    system_sn32f700b.o(.text) refers to system_sn32f700b.o(i.__ARM_common_switch8) for __ARM_common_switch8
    system_sn32f700b.o(.text) refers to aeabi_sdiv.o(.text) for __aeabi_uidivmod
    system_sn32f700b.o(.text) refers to system_sn32f700b.o(.data) for SystemCoreClock
    __main.o(!!!main) refers to __rtentry.o(.ARM.Collect$$rtentry$$00000000) for __rt_entry
    ddiv.o(.text) refers (Special) to usenofp.o(x$fpl$usenofp) for __I$use$fp
    ddiv.o(.text) refers to ddiv.o(.constdata) for .constdata
    ddiv.o(.constdata) refers (Special) to usenofp.o(x$fpl$usenofp) for __I$use$fp
    dfixui.o(.text) refers (Special) to usenofp.o(x$fpl$usenofp) for __I$use$fp
    dmul.o(.text) refers (Special) to usenofp.o(x$fpl$usenofp) for __I$use$fp
    f2d.o(.text) refers (Special) to usenofp.o(x$fpl$usenofp) for __I$use$fp
    fflti.o(.text) refers (Special) to usenofp.o(x$fpl$usenofp) for __I$use$fp
    __rtentry.o(.ARM.Collect$$rtentry$$00000000) refers (Special) to __rtentry2.o(.ARM.Collect$$rtentry$$0000000A) for __rt_entry_li
    __rtentry.o(.ARM.Collect$$rtentry$$00000000) refers (Special) to __rtentry2.o(.ARM.Collect$$rtentry$$0000000D) for __rt_entry_main
    __rtentry.o(.ARM.Collect$$rtentry$$00000000) refers (Special) to __rtentry2.o(.ARM.Collect$$rtentry$$0000000C) for __rt_entry_postli_1
    __rtentry.o(.ARM.Collect$$rtentry$$00000000) refers (Special) to __rtentry2.o(.ARM.Collect$$rtentry$$00000009) for __rt_entry_postsh_1
    __rtentry.o(.ARM.Collect$$rtentry$$00000000) refers (Special) to __rtentry2.o(.ARM.Collect$$rtentry$$00000002) for __rt_entry_presh_1
    __rtentry.o(.ARM.Collect$$rtentry$$00000000) refers (Special) to __rtentry4.o(.ARM.Collect$$rtentry$$00000004) for __rt_entry_sh
    aeabi_idiv0_sigfpe.o(.text) refers to rt_div0.o(.text) for __rt_div0
    aeabi_ldiv0_sigfpe.o(.text) refers to rt_div0.o(.text) for __rt_div0
    __rtentry2.o(.ARM.Collect$$rtentry$$00000008) refers to boardinit2.o(.text) for _platform_post_stackheap_init
    __rtentry2.o(.ARM.Collect$$rtentry$$0000000A) refers to libinit.o(.ARM.Collect$$libinit$$00000000) for __rt_lib_init
    __rtentry2.o(.ARM.Collect$$rtentry$$0000000B) refers to boardinit3.o(.text) for _platform_post_lib_init
    __rtentry2.o(.ARM.Collect$$rtentry$$0000000D) refers to main.o(.text) for main
    __rtentry2.o(.ARM.Collect$$rtentry$$0000000D) refers to exit.o(.text) for exit
    __rtentry2.o(.ARM.exidx) refers to __rtentry2.o(.ARM.Collect$$rtentry$$00000001) for .ARM.Collect$$rtentry$$00000001
    __rtentry2.o(.ARM.exidx) refers to __rtentry2.o(.ARM.Collect$$rtentry$$00000008) for .ARM.Collect$$rtentry$$00000008
    __rtentry2.o(.ARM.exidx) refers to __rtentry2.o(.ARM.Collect$$rtentry$$0000000A) for .ARM.Collect$$rtentry$$0000000A
    __rtentry2.o(.ARM.exidx) refers to __rtentry2.o(.ARM.Collect$$rtentry$$0000000B) for .ARM.Collect$$rtentry$$0000000B
    __rtentry2.o(.ARM.exidx) refers to __rtentry2.o(.ARM.Collect$$rtentry$$0000000D) for .ARM.Collect$$rtentry$$0000000D
    __rtentry4.o(.ARM.Collect$$rtentry$$00000004) refers to sys_stackheap_outer.o(.text) for __user_setup_stackheap
    __rtentry4.o(.ARM.exidx) refers to __rtentry4.o(.ARM.Collect$$rtentry$$00000004) for .ARM.Collect$$rtentry$$00000004
    rt_div0.o(.text) refers to defsig_fpe_outer.o(.text) for __rt_SIGFPE
    sys_stackheap_outer.o(.text) refers to libspace.o(.text) for __user_perproc_libspace
    sys_stackheap_outer.o(.text) refers to startup_sn32f700b.o(.text) for __user_initial_stackheap
    sys_stackheap_outer.o(__vectab_stack_and_reset_area) refers to tempstk.o(.text) for __temporary_stack_top
    sys_stackheap_outer.o(__vectab_stack_and_reset_area) refers to __main.o(!!!main) for __main
    exit.o(.text) refers to rtexit.o(.ARM.Collect$$rtexit$$00000000) for __rt_exit
    defsig_fpe_outer.o(.text) refers to defsig_fpe_inner.o(.text) for __rt_SIGFPE_inner
    defsig_fpe_outer.o(.text) refers to defsig_exit.o(.text) for __sig_exit
    defsig_fpe_formal.o(.text) refers to rt_raise.o(.text) for __rt_raise
    libinit.o(.ARM.Collect$$libinit$$00000000) refers (Special) to libinit2.o(.ARM.Collect$$libinit$$0000002E) for __rt_lib_init_alloca_1
    libinit.o(.ARM.Collect$$libinit$$00000000) refers (Special) to libinit2.o(.ARM.Collect$$libinit$$0000002C) for __rt_lib_init_argv_1
    libinit.o(.ARM.Collect$$libinit$$00000000) refers (Special) to libinit2.o(.ARM.Collect$$libinit$$0000001B) for __rt_lib_init_atexit_1
    libinit.o(.ARM.Collect$$libinit$$00000000) refers (Special) to libinit2.o(.ARM.Collect$$libinit$$00000021) for __rt_lib_init_clock_1
    libinit.o(.ARM.Collect$$libinit$$00000000) refers (Special) to libinit2.o(.ARM.Collect$$libinit$$00000032) for __rt_lib_init_cpp_1
    libinit.o(.ARM.Collect$$libinit$$00000000) refers (Special) to libinit2.o(.ARM.Collect$$libinit$$00000030) for __rt_lib_init_exceptions_1
    libinit.o(.ARM.Collect$$libinit$$00000000) refers (Special) to libinit2.o(.ARM.Collect$$libinit$$00000002) for __rt_lib_init_fp_1
    libinit.o(.ARM.Collect$$libinit$$00000000) refers (Special) to libinit2.o(.ARM.Collect$$libinit$$0000001F) for __rt_lib_init_fp_trap_1
    libinit.o(.ARM.Collect$$libinit$$00000000) refers (Special) to libinit2.o(.ARM.Collect$$libinit$$00000023) for __rt_lib_init_getenv_1
    libinit.o(.ARM.Collect$$libinit$$00000000) refers (Special) to libinit2.o(.ARM.Collect$$libinit$$0000000A) for __rt_lib_init_heap_1
    libinit.o(.ARM.Collect$$libinit$$00000000) refers (Special) to libinit2.o(.ARM.Collect$$libinit$$00000011) for __rt_lib_init_lc_collate_1
    libinit.o(.ARM.Collect$$libinit$$00000000) refers (Special) to libinit2.o(.ARM.Collect$$libinit$$00000013) for __rt_lib_init_lc_ctype_1
    libinit.o(.ARM.Collect$$libinit$$00000000) refers (Special) to libinit2.o(.ARM.Collect$$libinit$$00000015) for __rt_lib_init_lc_monetary_1
    libinit.o(.ARM.Collect$$libinit$$00000000) refers (Special) to libinit2.o(.ARM.Collect$$libinit$$00000017) for __rt_lib_init_lc_numeric_1
    libinit.o(.ARM.Collect$$libinit$$00000000) refers (Special) to libinit2.o(.ARM.Collect$$libinit$$00000019) for __rt_lib_init_lc_time_1
    libinit.o(.ARM.Collect$$libinit$$00000000) refers (Special) to libinit2.o(.ARM.Collect$$libinit$$00000004) for __rt_lib_init_preinit_1
    libinit.o(.ARM.Collect$$libinit$$00000000) refers (Special) to libinit2.o(.ARM.Collect$$libinit$$0000000E) for __rt_lib_init_rand_1
    libinit.o(.ARM.Collect$$libinit$$00000000) refers (Special) to libinit2.o(.ARM.Collect$$libinit$$00000033) for __rt_lib_init_return
    libinit.o(.ARM.Collect$$libinit$$00000000) refers (Special) to libinit2.o(.ARM.Collect$$libinit$$0000001D) for __rt_lib_init_signal_1
    libinit.o(.ARM.Collect$$libinit$$00000000) refers (Special) to libinit2.o(.ARM.Collect$$libinit$$00000025) for __rt_lib_init_stdio_1
    libinit.o(.ARM.Collect$$libinit$$00000000) refers (Special) to libinit2.o(.ARM.Collect$$libinit$$0000000C) for __rt_lib_init_user_alloc_1
    libspace.o(.text) refers to libspace.o(.bss) for __libspace_start
    rtexit.o(.ARM.Collect$$rtexit$$00000000) refers (Special) to rtexit2.o(.ARM.Collect$$rtexit$$00000004) for __rt_exit_exit
    rtexit.o(.ARM.Collect$$rtexit$$00000000) refers (Special) to rtexit2.o(.ARM.Collect$$rtexit$$00000003) for __rt_exit_ls
    rtexit.o(.ARM.Collect$$rtexit$$00000000) refers (Special) to rtexit2.o(.ARM.Collect$$rtexit$$00000002) for __rt_exit_prels_1
    rtexit.o(.ARM.exidx) refers (Special) to rtexit2.o(.ARM.Collect$$rtexit$$00000004) for __rt_exit_exit
    rtexit.o(.ARM.exidx) refers (Special) to rtexit2.o(.ARM.Collect$$rtexit$$00000003) for __rt_exit_ls
    rtexit.o(.ARM.exidx) refers (Special) to rtexit2.o(.ARM.Collect$$rtexit$$00000002) for __rt_exit_prels_1
    rtexit.o(.ARM.exidx) refers to rtexit.o(.ARM.Collect$$rtexit$$00000000) for .ARM.Collect$$rtexit$$00000000
    rt_raise.o(.text) refers to __raise.o(.text) for __raise
    rt_raise.o(.text) refers to sys_exit.o(.text) for _sys_exit
    defsig_exit.o(.text) refers to sys_exit.o(.text) for _sys_exit
    defsig_fpe_inner.o(.text) refers to defsig_general.o(.text) for __default_signal_display
    libinit2.o(.ARM.Collect$$libinit$$00000010) refers to libinit2.o(.ARM.Collect$$libinit$$0000000F) for .ARM.Collect$$libinit$$0000000F
    libinit2.o(.ARM.Collect$$libinit$$00000012) refers to libinit2.o(.ARM.Collect$$libinit$$0000000F) for .ARM.Collect$$libinit$$0000000F
    libinit2.o(.ARM.Collect$$libinit$$00000014) refers to libinit2.o(.ARM.Collect$$libinit$$0000000F) for .ARM.Collect$$libinit$$0000000F
    libinit2.o(.ARM.Collect$$libinit$$00000016) refers to libinit2.o(.ARM.Collect$$libinit$$0000000F) for .ARM.Collect$$libinit$$0000000F
    libinit2.o(.ARM.Collect$$libinit$$00000018) refers to libinit2.o(.ARM.Collect$$libinit$$0000000F) for .ARM.Collect$$libinit$$0000000F
    libinit2.o(.ARM.Collect$$libinit$$00000026) refers to argv_veneer.o(.text) for __ARM_argv_veneer
    libinit2.o(.ARM.Collect$$libinit$$00000027) refers to argv_veneer.o(.text) for __ARM_argv_veneer
    sys_exit.o(.text) refers (Special) to use_no_semi.o(.text) for __I$use$semihosting
    sys_exit.o(.text) refers (Special) to indicate_semi.o(.text) for __semihosting_library_function
    rtexit2.o(.ARM.Collect$$rtexit$$00000003) refers to libshutdown.o(.ARM.Collect$$libshutdown$$00000000) for __rt_lib_shutdown
    rtexit2.o(.ARM.Collect$$rtexit$$00000004) refers to sys_exit.o(.text) for _sys_exit
    rtexit2.o(.ARM.exidx) refers to rtexit2.o(.ARM.Collect$$rtexit$$00000001) for .ARM.Collect$$rtexit$$00000001
    rtexit2.o(.ARM.exidx) refers to rtexit2.o(.ARM.Collect$$rtexit$$00000003) for .ARM.Collect$$rtexit$$00000003
    rtexit2.o(.ARM.exidx) refers to rtexit2.o(.ARM.Collect$$rtexit$$00000004) for .ARM.Collect$$rtexit$$00000004
    __raise.o(.text) refers to defsig.o(CL$$defsig) for __default_signal_handler
    defsig_general.o(.text) refers to sys_wrch.o(.text) for _ttywrch
    sys_wrch.o(.text) refers (Special) to use_no_semi.o(.text) for __I$use$semihosting
    sys_wrch.o(.text) refers (Special) to indicate_semi.o(.text) for __semihosting_library_function
    defsig.o(CL$$defsig) refers to defsig_fpe_inner.o(.text) for __rt_SIGFPE_inner
    defsig.o(CL$$defsig) refers to defsig_rtmem_inner.o(.text) for __rt_SIGRTMEM_inner
    _get_argv_nomalloc.o(.text) refers (Special) to hrguard.o(.text) for __heap_region$guard
    _get_argv_nomalloc.o(.text) refers to defsig_rtmem_outer.o(.text) for __rt_SIGRTMEM
    _get_argv_nomalloc.o(.text) refers to sys_command.o(.text) for _sys_command_string
    libshutdown.o(.ARM.Collect$$libshutdown$$00000000) refers (Special) to libshutdown2.o(.ARM.Collect$$libshutdown$$00000002) for __rt_lib_shutdown_cpp_1
    libshutdown.o(.ARM.Collect$$libshutdown$$00000000) refers (Special) to libshutdown2.o(.ARM.Collect$$libshutdown$$00000007) for __rt_lib_shutdown_fp_trap_1
    libshutdown.o(.ARM.Collect$$libshutdown$$00000000) refers (Special) to libshutdown2.o(.ARM.Collect$$libshutdown$$0000000F) for __rt_lib_shutdown_heap_1
    libshutdown.o(.ARM.Collect$$libshutdown$$00000000) refers (Special) to libshutdown2.o(.ARM.Collect$$libshutdown$$00000010) for __rt_lib_shutdown_return
    libshutdown.o(.ARM.Collect$$libshutdown$$00000000) refers (Special) to libshutdown2.o(.ARM.Collect$$libshutdown$$0000000A) for __rt_lib_shutdown_signal_1
    libshutdown.o(.ARM.Collect$$libshutdown$$00000000) refers (Special) to libshutdown2.o(.ARM.Collect$$libshutdown$$00000004) for __rt_lib_shutdown_stdio_1
    libshutdown.o(.ARM.Collect$$libshutdown$$00000000) refers (Special) to libshutdown2.o(.ARM.Collect$$libshutdown$$0000000C) for __rt_lib_shutdown_user_alloc_1
    sys_command.o(.text) refers (Special) to use_no_semi.o(.text) for __I$use$semihosting
    sys_command.o(.text) refers (Special) to indicate_semi.o(.text) for __semihosting_library_function
    defsig_abrt_inner.o(.text) refers to defsig_general.o(.text) for __default_signal_display
    defsig_rtred_inner.o(.text) refers to defsig_general.o(.text) for __default_signal_display
    defsig_rtmem_inner.o(.text) refers to defsig_general.o(.text) for __default_signal_display
    defsig_rtmem_outer.o(.text) refers to defsig_rtmem_inner.o(.text) for __rt_SIGRTMEM_inner
    defsig_rtmem_outer.o(.text) refers to defsig_exit.o(.text) for __sig_exit
    defsig_rtmem_formal.o(.text) refers to rt_raise.o(.text) for __rt_raise
    defsig_stak_inner.o(.text) refers to defsig_general.o(.text) for __default_signal_display
    defsig_pvfn_inner.o(.text) refers to defsig_general.o(.text) for __default_signal_display
    defsig_cppl_inner.o(.text) refers to defsig_general.o(.text) for __default_signal_display
    defsig_segv_inner.o(.text) refers to defsig_general.o(.text) for __default_signal_display
    defsig_other.o(.text) refers to defsig_general.o(.text) for __default_signal_display


==============================================================================

Removing Unused input sections from the image.

    Removing main.o(.rev16_text), (4 bytes).
    Removing main.o(.revsh_text), (4 bytes).
    Removing gpio.o(.rev16_text), (4 bytes).
    Removing gpio.o(.revsh_text), (4 bytes).
    Removing utility.o(.rev16_text), (4 bytes).
    Removing utility.o(.revsh_text), (4 bytes).
    Removing utility.o(.text), (52 bytes).
    Removing systick.o(.rev16_text), (4 bytes).
    Removing systick.o(.revsh_text), (4 bytes).
    Removing uart0.o(.rev16_text), (4 bytes).
    Removing uart0.o(.revsh_text), (4 bytes).
    Removing uart1.o(.rev16_text), (4 bytes).
    Removing uart1.o(.revsh_text), (4 bytes).
    Removing system_sn32f700b.o(.rev16_text), (4 bytes).
    Removing system_sn32f700b.o(.revsh_text), (4 bytes).

15 unused section(s) (total 108 bytes) removed from the image.

==============================================================================

Image Symbol Table

    Local Symbols

    Symbol Name                              Value     Ov Type        Size  Object(Section)

    RESET                                    0x00000000   Section      192  startup_sn32f700b.o(RESET)
    ../clib/angel/boardlib.s                 0x00000000   Number         0  boardinit3.o ABSOLUTE
    ../clib/angel/boardlib.s                 0x00000000   Number         0  boardinit2.o ABSOLUTE
    ../clib/angel/boardlib.s                 0x00000000   Number         0  boardinit1.o ABSOLUTE
    ../clib/angel/boardlib.s                 0x00000000   Number         0  boardshut.o ABSOLUTE
    ../clib/angel/handlers.s                 0x00000000   Number         0  __scatter_zi.o ABSOLUTE
    ../clib/angel/handlers.s                 0x00000000   Number         0  __scatter_copy.o ABSOLUTE
    ../clib/angel/kernel.s                   0x00000000   Number         0  rtexit.o ABSOLUTE
    ../clib/angel/kernel.s                   0x00000000   Number         0  __rtentry2.o ABSOLUTE
    ../clib/angel/kernel.s                   0x00000000   Number         0  rtexit2.o ABSOLUTE
    ../clib/angel/kernel.s                   0x00000000   Number         0  __rtentry.o ABSOLUTE
    ../clib/angel/kernel.s                   0x00000000   Number         0  __rtentry4.o ABSOLUTE
    ../clib/angel/rt.s                       0x00000000   Number         0  aeabi_idiv0_sigfpe.o ABSOLUTE
    ../clib/angel/rt.s                       0x00000000   Number         0  rt_raise.o ABSOLUTE
    ../clib/angel/rt.s                       0x00000000   Number         0  aeabi_ldiv0_sigfpe.o ABSOLUTE
    ../clib/angel/rt.s                       0x00000000   Number         0  aeabi_ldiv0.o ABSOLUTE
    ../clib/angel/rt.s                       0x00000000   Number         0  aeabi_idiv0.o ABSOLUTE
    ../clib/angel/rt.s                       0x00000000   Number         0  rt_div0.o ABSOLUTE
    ../clib/angel/scatterp.s                 0x00000000   Number         0  __scatter.o ABSOLUTE
    ../clib/angel/startup.s                  0x00000000   Number         0  __main.o ABSOLUTE
    ../clib/angel/sys.s                      0x00000000   Number         0  sys_stackheap_outer.o ABSOLUTE
    ../clib/angel/sys.s                      0x00000000   Number         0  tempstk.o ABSOLUTE
    ../clib/angel/sys.s                      0x00000000   Number         0  indicate_semi.o ABSOLUTE
    ../clib/angel/sys.s                      0x00000000   Number         0  libspace.o ABSOLUTE
    ../clib/angel/sys.s                      0x00000000   Number         0  use_no_semi.o ABSOLUTE
    ../clib/angel/sysapp.c                   0x00000000   Number         0  sys_command.o ABSOLUTE
    ../clib/angel/sysapp.c                   0x00000000   Number         0  sys_exit.o ABSOLUTE
    ../clib/angel/sysapp.c                   0x00000000   Number         0  sys_wrch.o ABSOLUTE
    ../clib/armsys.c                         0x00000000   Number         0  argv_veneer.o ABSOLUTE
    ../clib/armsys.c                         0x00000000   Number         0  _get_argv_nomalloc.o ABSOLUTE
    ../clib/armsys.c                         0x00000000   Number         0  no_argv.o ABSOLUTE
    ../clib/division.c                       0x00000000   Number         0  lludiv.o ABSOLUTE
    ../clib/division.s                       0x00000000   Number         0  aeabi_sdiv_div0.o ABSOLUTE
    ../clib/division.s                       0x00000000   Number         0  aeabi_sdiv.o ABSOLUTE
    ../clib/heapalloc.c                      0x00000000   Number         0  hrguard.o ABSOLUTE
    ../clib/heapaux.c                        0x00000000   Number         0  heapauxi.o ABSOLUTE
    ../clib/libinit.s                        0x00000000   Number         0  libshutdown2.o ABSOLUTE
    ../clib/libinit.s                        0x00000000   Number         0  libinit2.o ABSOLUTE
    ../clib/libinit.s                        0x00000000   Number         0  libinit.o ABSOLUTE
    ../clib/libinit.s                        0x00000000   Number         0  libshutdown.o ABSOLUTE
    ../clib/signal.c                         0x00000000   Number         0  defsig_abrt_inner.o ABSOLUTE
    ../clib/signal.c                         0x00000000   Number         0  defsig_rtred_inner.o ABSOLUTE
    ../clib/signal.c                         0x00000000   Number         0  defsig_rtmem_inner.o ABSOLUTE
    ../clib/signal.c                         0x00000000   Number         0  defsig_rtmem_formal.o ABSOLUTE
    ../clib/signal.c                         0x00000000   Number         0  defsig_stak_inner.o ABSOLUTE
    ../clib/signal.c                         0x00000000   Number         0  defsig_pvfn_inner.o ABSOLUTE
    ../clib/signal.c                         0x00000000   Number         0  defsig_cppl_inner.o ABSOLUTE
    ../clib/signal.c                         0x00000000   Number         0  defsig_segv_inner.o ABSOLUTE
    ../clib/signal.c                         0x00000000   Number         0  defsig_other.o ABSOLUTE
    ../clib/signal.c                         0x00000000   Number         0  defsig_fpe_outer.o ABSOLUTE
    ../clib/signal.c                         0x00000000   Number         0  defsig_fpe_formal.o ABSOLUTE
    ../clib/signal.c                         0x00000000   Number         0  defsig_rtmem_outer.o ABSOLUTE
    ../clib/signal.c                         0x00000000   Number         0  defsig_exit.o ABSOLUTE
    ../clib/signal.c                         0x00000000   Number         0  defsig_fpe_inner.o ABSOLUTE
    ../clib/signal.c                         0x00000000   Number         0  __raise.o ABSOLUTE
    ../clib/signal.c                         0x00000000   Number         0  defsig_general.o ABSOLUTE
    ../clib/signal.s                         0x00000000   Number         0  defsig.o ABSOLUTE
    ../clib/stdlib.c                         0x00000000   Number         0  exit.o ABSOLUTE
    ../fplib/cfplib/ddiv.c                   0x00000000   Number         0  ddiv.o ABSOLUTE
    ../fplib/cfplib/dmul.c                   0x00000000   Number         0  dmul.o ABSOLUTE
    ../fplib/cfplib/f2d.c                    0x00000000   Number         0  f2d.o ABSOLUTE
    ../fplib/cfplib/ffix.c                   0x00000000   Number         0  dfixui.o ABSOLUTE
    ../fplib/cfplib/fflt.c                   0x00000000   Number         0  fflti.o ABSOLUTE
    ../fplib/cfplib/fpinit.c                 0x00000000   Number         0  fpinit.o ABSOLUTE
    ../fplib/usenofp.s                       0x00000000   Number         0  usenofp.o ABSOLUTE
    CodeOption_SN32F700B.s                   0x00000000   Number         0  codeoption_sn32f700b.o ABSOLUTE
    Interface\GPIO\GPIO.c                    0x00000000   Number         0  gpio.o ABSOLUTE
    Interface\\GPIO\\GPIO.c                  0x00000000   Number         0  gpio.o ABSOLUTE
    RTE\Device\SN32F705BJ\startup_SN32F700B.s 0x00000000   Number         0  startup_sn32f700b.o ABSOLUTE
    RTE\Device\SN32F705BJ\system_SN32F700B.c 0x00000000   Number         0  system_sn32f700b.o ABSOLUTE
    RTE\\Device\\SN32F705BJ\\system_SN32F700B.c 0x00000000   Number         0  system_sn32f700b.o ABSOLUTE
    SysTick\SysTick.c                        0x00000000   Number         0  systick.o ABSOLUTE
    SysTick\\SysTick.c                       0x00000000   Number         0  systick.o ABSOLUTE
    UART\UART0.c                             0x00000000   Number         0  uart0.o ABSOLUTE
    UART\UART1.c                             0x00000000   Number         0  uart1.o ABSOLUTE
    UART\\UART0.c                            0x00000000   Number         0  uart0.o ABSOLUTE
    UART\\UART1.c                            0x00000000   Number         0  uart1.o ABSOLUTE
    Utility\Utility.c                        0x00000000   Number         0  utility.o ABSOLUTE
    Utility\\Utility.c                       0x00000000   Number         0  utility.o ABSOLUTE
    dc.s                                     0x00000000   Number         0  dc.o ABSOLUTE
    main.c                                   0x00000000   Number         0  main.o ABSOLUTE
    main.c                                   0x00000000   Number         0  main.o ABSOLUTE
    !!!main                                  0x000000c0   Section        8  __main.o(!!!main)
    !!!scatter                               0x000000c8   Section       60  __scatter.o(!!!scatter)
    !!handler_copy                           0x00000104   Section       26  __scatter_copy.o(!!handler_copy)
    !!handler_zi                             0x00000120   Section       28  __scatter_zi.o(!!handler_zi)
    .ARM.Collect$$libinit$$00000000          0x0000013c   Section        2  libinit.o(.ARM.Collect$$libinit$$00000000)
    .ARM.Collect$$libinit$$00000002          0x0000013e   Section        0  libinit2.o(.ARM.Collect$$libinit$$00000002)
    .ARM.Collect$$libinit$$00000004          0x0000013e   Section        0  libinit2.o(.ARM.Collect$$libinit$$00000004)
    .ARM.Collect$$libinit$$0000000A          0x0000013e   Section        0  libinit2.o(.ARM.Collect$$libinit$$0000000A)
    .ARM.Collect$$libinit$$0000000C          0x0000013e   Section        0  libinit2.o(.ARM.Collect$$libinit$$0000000C)
    .ARM.Collect$$libinit$$0000000E          0x0000013e   Section        0  libinit2.o(.ARM.Collect$$libinit$$0000000E)
    .ARM.Collect$$libinit$$00000011          0x0000013e   Section        0  libinit2.o(.ARM.Collect$$libinit$$00000011)
    .ARM.Collect$$libinit$$00000013          0x0000013e   Section        0  libinit2.o(.ARM.Collect$$libinit$$00000013)
    .ARM.Collect$$libinit$$00000015          0x0000013e   Section        0  libinit2.o(.ARM.Collect$$libinit$$00000015)
    .ARM.Collect$$libinit$$00000017          0x0000013e   Section        0  libinit2.o(.ARM.Collect$$libinit$$00000017)
    .ARM.Collect$$libinit$$00000019          0x0000013e   Section        0  libinit2.o(.ARM.Collect$$libinit$$00000019)
    .ARM.Collect$$libinit$$0000001B          0x0000013e   Section        0  libinit2.o(.ARM.Collect$$libinit$$0000001B)
    .ARM.Collect$$libinit$$0000001D          0x0000013e   Section        0  libinit2.o(.ARM.Collect$$libinit$$0000001D)
    .ARM.Collect$$libinit$$0000001F          0x0000013e   Section        0  libinit2.o(.ARM.Collect$$libinit$$0000001F)
    .ARM.Collect$$libinit$$00000021          0x0000013e   Section        0  libinit2.o(.ARM.Collect$$libinit$$00000021)
    .ARM.Collect$$libinit$$00000023          0x0000013e   Section        0  libinit2.o(.ARM.Collect$$libinit$$00000023)
    .ARM.Collect$$libinit$$00000025          0x0000013e   Section        0  libinit2.o(.ARM.Collect$$libinit$$00000025)
    .ARM.Collect$$libinit$$0000002C          0x0000013e   Section        0  libinit2.o(.ARM.Collect$$libinit$$0000002C)
    .ARM.Collect$$libinit$$0000002E          0x0000013e   Section        0  libinit2.o(.ARM.Collect$$libinit$$0000002E)
    .ARM.Collect$$libinit$$00000030          0x0000013e   Section        0  libinit2.o(.ARM.Collect$$libinit$$00000030)
    .ARM.Collect$$libinit$$00000032          0x0000013e   Section        0  libinit2.o(.ARM.Collect$$libinit$$00000032)
    .ARM.Collect$$libinit$$00000033          0x0000013e   Section        2  libinit2.o(.ARM.Collect$$libinit$$00000033)
    .ARM.Collect$$libshutdown$$00000000      0x00000140   Section        2  libshutdown.o(.ARM.Collect$$libshutdown$$00000000)
    .ARM.Collect$$libshutdown$$00000002      0x00000142   Section        0  libshutdown2.o(.ARM.Collect$$libshutdown$$00000002)
    .ARM.Collect$$libshutdown$$00000004      0x00000142   Section        0  libshutdown2.o(.ARM.Collect$$libshutdown$$00000004)
    .ARM.Collect$$libshutdown$$00000007      0x00000142   Section        0  libshutdown2.o(.ARM.Collect$$libshutdown$$00000007)
    .ARM.Collect$$libshutdown$$0000000A      0x00000142   Section        0  libshutdown2.o(.ARM.Collect$$libshutdown$$0000000A)
    .ARM.Collect$$libshutdown$$0000000C      0x00000142   Section        0  libshutdown2.o(.ARM.Collect$$libshutdown$$0000000C)
    .ARM.Collect$$libshutdown$$0000000F      0x00000142   Section        0  libshutdown2.o(.ARM.Collect$$libshutdown$$0000000F)
    .ARM.Collect$$libshutdown$$00000010      0x00000142   Section        2  libshutdown2.o(.ARM.Collect$$libshutdown$$00000010)
    .ARM.Collect$$rtentry$$00000000          0x00000144   Section        0  __rtentry.o(.ARM.Collect$$rtentry$$00000000)
    .ARM.Collect$$rtentry$$00000002          0x00000144   Section        0  __rtentry2.o(.ARM.Collect$$rtentry$$00000002)
    .ARM.Collect$$rtentry$$00000004          0x00000144   Section        6  __rtentry4.o(.ARM.Collect$$rtentry$$00000004)
    .ARM.Collect$$rtentry$$00000009          0x0000014a   Section        0  __rtentry2.o(.ARM.Collect$$rtentry$$00000009)
    .ARM.Collect$$rtentry$$0000000A          0x0000014a   Section        4  __rtentry2.o(.ARM.Collect$$rtentry$$0000000A)
    .ARM.Collect$$rtentry$$0000000C          0x0000014e   Section        0  __rtentry2.o(.ARM.Collect$$rtentry$$0000000C)
    .ARM.Collect$$rtentry$$0000000D          0x0000014e   Section        8  __rtentry2.o(.ARM.Collect$$rtentry$$0000000D)
    .ARM.Collect$$rtexit$$00000000           0x00000156   Section        2  rtexit.o(.ARM.Collect$$rtexit$$00000000)
    .ARM.Collect$$rtexit$$00000002           0x00000158   Section        0  rtexit2.o(.ARM.Collect$$rtexit$$00000002)
    .ARM.Collect$$rtexit$$00000003           0x00000158   Section        4  rtexit2.o(.ARM.Collect$$rtexit$$00000003)
    .ARM.Collect$$rtexit$$00000004           0x0000015c   Section        6  rtexit2.o(.ARM.Collect$$rtexit$$00000004)
    .text                                    0x00000164   Section        0  main.o(.text)
    .text                                    0x00000294   Section        0  gpio.o(.text)
    __NVIC_EnableIRQ                         0x00000b47   Thumb Code    18  gpio.o(.text)
    __NVIC_ClearPendingIRQ                   0x00000b59   Thumb Code    18  gpio.o(.text)
    .text                                    0x00000b74   Section        0  systick.o(.text)
    .text                                    0x00000bd0   Section        0  uart0.o(.text)
    .text                                    0x00000e7c   Section        0  uart1.o(.text)
    .text                                    0x00001028   Section       44  startup_sn32f700b.o(.text)
    .text                                    0x00001054   Section        0  system_sn32f700b.o(.text)
    .text                                    0x00001168   Section        0  lludiv.o(.text)
    .text                                    0x0000126a   Section      346  aeabi_sdiv.o(.text)
    .text                                    0x000013c4   Section        0  heapauxi.o(.text)
    .text                                    0x000013cc   Section        0  ddiv.o(.text)
    .text                                    0x00001814   Section        0  dfixui.o(.text)
    .text                                    0x0000185c   Section        0  dmul.o(.text)
    .text                                    0x00001aa4   Section        0  f2d.o(.text)
    .text                                    0x00001af8   Section        0  fflti.o(.text)
    .text                                    0x00001b56   Section       62  sys_stackheap_outer.o(.text)
    .text                                    0x00001b94   Section        0  exit.o(.text)
    .text                                    0x00001ba4   Section        8  libspace.o(.text)
    .text                                    0x00001bac   Section        0  sys_exit.o(.text)
    .text                                    0x00001bb8   Section        2  use_no_semi.o(.text)
    .text                                    0x00001bba   Section        0  indicate_semi.o(.text)
    i.__ARM_common_switch8                   0x00001bba   Section        0  system_sn32f700b.o(i.__ARM_common_switch8)
    .constdata                               0x00001bd6   Section      128  ddiv.o(.constdata)
    x$fpl$usenofp                            0x00001bd6   Section        0  usenofp.o(x$fpl$usenofp)
    ddiv_reciptbl                            0x00001bd6   Data         128  ddiv.o(.constdata)
    .ARM.__at_0x1FFF2000                     0x1fff2000   Section        4  codeoption_sn32f700b.o(.ARM.__at_0x1FFF2000)
    .data                                    0x20000000   Section       40  main.o(.data)
    .data                                    0x20000028   Section       12  systick.o(.data)
    .data                                    0x20000038   Section       48  uart0.o(.data)
    .data                                    0x20000068   Section       20  uart1.o(.data)
    .data                                    0x2000007c   Section        4  system_sn32f700b.o(.data)
    .bss                                     0x20000080   Section       96  libspace.o(.bss)
    HEAP                                     0x200000e0   Section        0  startup_sn32f700b.o(HEAP)
    STACK                                    0x200000e0   Section      512  startup_sn32f700b.o(STACK)
    Heap_Mem                                 0x200000e0   Data           0  startup_sn32f700b.o(HEAP)
    Stack_Mem                                0x200000e0   Data         512  startup_sn32f700b.o(STACK)
    __initial_sp                             0x200002e0   Data           0  startup_sn32f700b.o(STACK)

    Global Symbols

    Symbol Name                              Value     Ov Type        Size  Object(Section)

    BuildAttributes$$THM_ISAv3M$S$PE$A:L22$X:L11$S22$IEEE1$IW$USESV6$~STKCKD$USESV7$~SHL$OSPACE$ROPI$EBA8$UX$STANDARDLIB$REQ8$PRES8$EABIv2 0x00000000   Number         0  anon$$obj.o ABSOLUTE
    __ARM_use_no_argv                        0x00000000   Number         0  main.o ABSOLUTE
    __Vectors                                0x00000000   Data           4  startup_sn32f700b.o(RESET)
    __ARM_exceptions_init                     - Undefined Weak Reference
    __alloca_initialize                       - Undefined Weak Reference
    __arm_preinit_                            - Undefined Weak Reference
    __cpp_initialize__aeabi_                  - Undefined Weak Reference
    __cxa_finalize                            - Undefined Weak Reference
    __rt_locale                               - Undefined Weak Reference
    __sigvec_lookup                           - Undefined Weak Reference
    _atexit_init                              - Undefined Weak Reference
    _call_atexit_fns                          - Undefined Weak Reference
    _clock_init                               - Undefined Weak Reference
    _fp_trap_init                             - Undefined Weak Reference
    _fp_trap_shutdown                         - Undefined Weak Reference
    _get_lc_collate                           - Undefined Weak Reference
    _get_lc_ctype                             - Undefined Weak Reference
    _get_lc_monetary                          - Undefined Weak Reference
    _get_lc_numeric                           - Undefined Weak Reference
    _get_lc_time                              - Undefined Weak Reference
    _getenv_init                              - Undefined Weak Reference
    _handle_redirection                       - Undefined Weak Reference
    _init_alloc                               - Undefined Weak Reference
    _init_user_alloc                          - Undefined Weak Reference
    _initio                                   - Undefined Weak Reference
    _rand_init                                - Undefined Weak Reference
    _signal_finish                            - Undefined Weak Reference
    _signal_init                              - Undefined Weak Reference
    _terminate_alloc                          - Undefined Weak Reference
    _terminate_user_alloc                     - Undefined Weak Reference
    _terminateio                              - Undefined Weak Reference
    __main                                   0x000000c1   Thumb Code     8  __main.o(!!!main)
    __scatterload                            0x000000c9   Thumb Code     0  __scatter.o(!!!scatter)
    __scatterload_rt2                        0x000000c9   Thumb Code    52  __scatter.o(!!!scatter)
    __scatterload_rt2_thumb_only             0x000000c9   Thumb Code     0  __scatter.o(!!!scatter)
    __scatterload_null                       0x000000d9   Thumb Code     0  __scatter.o(!!!scatter)
    __scatterload_copy                       0x00000105   Thumb Code    26  __scatter_copy.o(!!handler_copy)
    __scatterload_zeroinit                   0x00000121   Thumb Code    28  __scatter_zi.o(!!handler_zi)
    __rt_lib_init                            0x0000013d   Thumb Code     0  libinit.o(.ARM.Collect$$libinit$$00000000)
    __rt_lib_init_alloca_1                   0x0000013f   Thumb Code     0  libinit2.o(.ARM.Collect$$libinit$$0000002E)
    __rt_lib_init_argv_1                     0x0000013f   Thumb Code     0  libinit2.o(.ARM.Collect$$libinit$$0000002C)
    __rt_lib_init_atexit_1                   0x0000013f   Thumb Code     0  libinit2.o(.ARM.Collect$$libinit$$0000001B)
    __rt_lib_init_clock_1                    0x0000013f   Thumb Code     0  libinit2.o(.ARM.Collect$$libinit$$00000021)
    __rt_lib_init_cpp_1                      0x0000013f   Thumb Code     0  libinit2.o(.ARM.Collect$$libinit$$00000032)
    __rt_lib_init_exceptions_1               0x0000013f   Thumb Code     0  libinit2.o(.ARM.Collect$$libinit$$00000030)
    __rt_lib_init_fp_1                       0x0000013f   Thumb Code     0  libinit2.o(.ARM.Collect$$libinit$$00000002)
    __rt_lib_init_fp_trap_1                  0x0000013f   Thumb Code     0  libinit2.o(.ARM.Collect$$libinit$$0000001F)
    __rt_lib_init_getenv_1                   0x0000013f   Thumb Code     0  libinit2.o(.ARM.Collect$$libinit$$00000023)
    __rt_lib_init_heap_1                     0x0000013f   Thumb Code     0  libinit2.o(.ARM.Collect$$libinit$$0000000A)
    __rt_lib_init_lc_collate_1               0x0000013f   Thumb Code     0  libinit2.o(.ARM.Collect$$libinit$$00000011)
    __rt_lib_init_lc_ctype_1                 0x0000013f   Thumb Code     0  libinit2.o(.ARM.Collect$$libinit$$00000013)
    __rt_lib_init_lc_monetary_1              0x0000013f   Thumb Code     0  libinit2.o(.ARM.Collect$$libinit$$00000015)
    __rt_lib_init_lc_numeric_1               0x0000013f   Thumb Code     0  libinit2.o(.ARM.Collect$$libinit$$00000017)
    __rt_lib_init_lc_time_1                  0x0000013f   Thumb Code     0  libinit2.o(.ARM.Collect$$libinit$$00000019)
    __rt_lib_init_preinit_1                  0x0000013f   Thumb Code     0  libinit2.o(.ARM.Collect$$libinit$$00000004)
    __rt_lib_init_rand_1                     0x0000013f   Thumb Code     0  libinit2.o(.ARM.Collect$$libinit$$0000000E)
    __rt_lib_init_return                     0x0000013f   Thumb Code     0  libinit2.o(.ARM.Collect$$libinit$$00000033)
    __rt_lib_init_signal_1                   0x0000013f   Thumb Code     0  libinit2.o(.ARM.Collect$$libinit$$0000001D)
    __rt_lib_init_stdio_1                    0x0000013f   Thumb Code     0  libinit2.o(.ARM.Collect$$libinit$$00000025)
    __rt_lib_init_user_alloc_1               0x0000013f   Thumb Code     0  libinit2.o(.ARM.Collect$$libinit$$0000000C)
    __rt_lib_shutdown                        0x00000141   Thumb Code     0  libshutdown.o(.ARM.Collect$$libshutdown$$00000000)
    __rt_lib_shutdown_cpp_1                  0x00000143   Thumb Code     0  libshutdown2.o(.ARM.Collect$$libshutdown$$00000002)
    __rt_lib_shutdown_fp_trap_1              0x00000143   Thumb Code     0  libshutdown2.o(.ARM.Collect$$libshutdown$$00000007)
    __rt_lib_shutdown_heap_1                 0x00000143   Thumb Code     0  libshutdown2.o(.ARM.Collect$$libshutdown$$0000000F)
    __rt_lib_shutdown_return                 0x00000143   Thumb Code     0  libshutdown2.o(.ARM.Collect$$libshutdown$$00000010)
    __rt_lib_shutdown_signal_1               0x00000143   Thumb Code     0  libshutdown2.o(.ARM.Collect$$libshutdown$$0000000A)
    __rt_lib_shutdown_stdio_1                0x00000143   Thumb Code     0  libshutdown2.o(.ARM.Collect$$libshutdown$$00000004)
    __rt_lib_shutdown_user_alloc_1           0x00000143   Thumb Code     0  libshutdown2.o(.ARM.Collect$$libshutdown$$0000000C)
    __rt_entry                               0x00000145   Thumb Code     0  __rtentry.o(.ARM.Collect$$rtentry$$00000000)
    __rt_entry_presh_1                       0x00000145   Thumb Code     0  __rtentry2.o(.ARM.Collect$$rtentry$$00000002)
    __rt_entry_sh                            0x00000145   Thumb Code     0  __rtentry4.o(.ARM.Collect$$rtentry$$00000004)
    __rt_entry_li                            0x0000014b   Thumb Code     0  __rtentry2.o(.ARM.Collect$$rtentry$$0000000A)
    __rt_entry_postsh_1                      0x0000014b   Thumb Code     0  __rtentry2.o(.ARM.Collect$$rtentry$$00000009)
    __rt_entry_main                          0x0000014f   Thumb Code     0  __rtentry2.o(.ARM.Collect$$rtentry$$0000000D)
    __rt_entry_postli_1                      0x0000014f   Thumb Code     0  __rtentry2.o(.ARM.Collect$$rtentry$$0000000C)
    __rt_exit                                0x00000157   Thumb Code     0  rtexit.o(.ARM.Collect$$rtexit$$00000000)
    __rt_exit_ls                             0x00000159   Thumb Code     0  rtexit2.o(.ARM.Collect$$rtexit$$00000003)
    __rt_exit_prels_1                        0x00000159   Thumb Code     0  rtexit2.o(.ARM.Collect$$rtexit$$00000002)
    __rt_exit_exit                           0x0000015d   Thumb Code     0  rtexit2.o(.ARM.Collect$$rtexit$$00000004)
    setDuty                                  0x00000165   Thumb Code    66  main.o(.text)
    _4us                                     0x000001a7   Thumb Code     2  main.o(.text)
    NotPinOut_GPIO_init                      0x000001a9   Thumb Code     2  main.o(.text)
    main                                     0x000001ab   Thumb Code   152  main.o(.text)
    HardFault_Handler                        0x00000243   Thumb Code    48  main.o(.text)
    GPIO_Clr                                 0x00000295   Thumb Code    88  gpio.o(.text)
    GPIO_Mode                                0x000002ed   Thumb Code   142  gpio.o(.text)
    GPIO_Init                                0x0000037b   Thumb Code    22  gpio.o(.text)
    GPIO_Set                                 0x00000391   Thumb Code    88  gpio.o(.text)
    GPIO_P0Trigger                           0x000003e9   Thumb Code    76  gpio.o(.text)
    GPIO_P1Trigger                           0x00000435   Thumb Code    76  gpio.o(.text)
    GPIO_P2Trigger                           0x00000481   Thumb Code    76  gpio.o(.text)
    GPIO_P3Trigger                           0x000004cd   Thumb Code    76  gpio.o(.text)
    GPIO_Interrupt                           0x00000519   Thumb Code   258  gpio.o(.text)
    GPIO_IntClr                              0x0000061b   Thumb Code    64  gpio.o(.text)
    GPIO_Config                              0x0000065b   Thumb Code   176  gpio.o(.text)
    GPIO_OpenDrain                           0x0000070b   Thumb Code    42  gpio.o(.text)
    GPIO_IntStatus                           0x00000735   Thumb Code    72  gpio.o(.text)
    P0_IRQHandler                            0x0000077d   Thumb Code   266  gpio.o(.text)
    P1_IRQHandler                            0x00000887   Thumb Code   244  gpio.o(.text)
    P2_IRQHandler                            0x0000097b   Thumb Code   222  gpio.o(.text)
    P3_IRQHandler                            0x00000a59   Thumb Code   238  gpio.o(.text)
    SysTick_Init                             0x00000b75   Thumb Code    40  systick.o(.text)
    SysTick_Handler                          0x00000b9d   Thumb Code    40  systick.o(.text)
    UART0_IRQHandler                         0x00000bd1   Thumb Code   462  uart0.o(.text)
    UART0_InterruptEnable                    0x00000d9f   Thumb Code     8  uart0.o(.text)
    UART0_Init                               0x00000da7   Thumb Code    82  uart0.o(.text)
    UART0_SendByte                           0x00000df9   Thumb Code    20  uart0.o(.text)
    UART0_AutoBaudrateInit                   0x00000e0d   Thumb Code    10  uart0.o(.text)
    UART0_Enable                             0x00000e17   Thumb Code    30  uart0.o(.text)
    UART0_Disable                            0x00000e35   Thumb Code    28  uart0.o(.text)
    UART1_IRQHandler                         0x00000e7d   Thumb Code   222  uart1.o(.text)
    UART1_InterruptEnable                    0x00000f5b   Thumb Code     8  uart1.o(.text)
    UART1_Init                               0x00000f63   Thumb Code    82  uart1.o(.text)
    UART1_SendByte                           0x00000fb5   Thumb Code    20  uart1.o(.text)
    UART1_AutoBaudrateInit                   0x00000fc9   Thumb Code    10  uart1.o(.text)
    UART1_Enable                             0x00000fd3   Thumb Code    30  uart1.o(.text)
    UART1_Disable                            0x00000ff1   Thumb Code    28  uart1.o(.text)
    Reset_Handler                            0x00001029   Thumb Code     4  startup_sn32f700b.o(.text)
    NMI_Handler                              0x0000102d   Thumb Code     2  startup_sn32f700b.o(.text)
    SVC_Handler                              0x00001031   Thumb Code     2  startup_sn32f700b.o(.text)
    PendSV_Handler                           0x00001033   Thumb Code     2  startup_sn32f700b.o(.text)
    ADC_IRQHandler                           0x00001037   Thumb Code     0  startup_sn32f700b.o(.text)
    CMP0_IRQHandler                          0x00001037   Thumb Code     0  startup_sn32f700b.o(.text)
    CMP1_IRQHandler                          0x00001037   Thumb Code     0  startup_sn32f700b.o(.text)
    CT16B0_IRQHandler                        0x00001037   Thumb Code     0  startup_sn32f700b.o(.text)
    CT16B1_IRQHandler                        0x00001037   Thumb Code     0  startup_sn32f700b.o(.text)
    CT16B2_IRQHandler                        0x00001037   Thumb Code     0  startup_sn32f700b.o(.text)
    I2C0_IRQHandler                          0x00001037   Thumb Code     0  startup_sn32f700b.o(.text)
    LVD_IRQHandler                           0x00001037   Thumb Code     0  startup_sn32f700b.o(.text)
    NDT_IRQHandler                           0x00001037   Thumb Code     0  startup_sn32f700b.o(.text)
    RTC_IRQHandler                           0x00001037   Thumb Code     0  startup_sn32f700b.o(.text)
    SPI0_IRQHandler                          0x00001037   Thumb Code     0  startup_sn32f700b.o(.text)
    WDT_IRQHandler                           0x00001037   Thumb Code     0  startup_sn32f700b.o(.text)
    __user_initial_stackheap                 0x00001039   Thumb Code     0  startup_sn32f700b.o(.text)
    SystemCoreClockUpdate                    0x00001055   Thumb Code   212  system_sn32f700b.o(.text)
    SystemInit                               0x00001129   Thumb Code    26  system_sn32f700b.o(.text)
    __aeabi_uldivmod                         0x00001169   Thumb Code   258  lludiv.o(.text)
    _ll_udiv                                 0x00001169   Thumb Code     0  lludiv.o(.text)
    __aeabi_uidiv                            0x0000126b   Thumb Code     0  aeabi_sdiv.o(.text)
    __aeabi_uidivmod                         0x0000126b   Thumb Code    20  aeabi_sdiv.o(.text)
    __aeabi_idiv                             0x0000127f   Thumb Code     0  aeabi_sdiv.o(.text)
    __aeabi_idivmod                          0x0000127f   Thumb Code   326  aeabi_sdiv.o(.text)
    __use_two_region_memory                  0x000013c5   Thumb Code     2  heapauxi.o(.text)
    __rt_heap_escrow$2region                 0x000013c7   Thumb Code     2  heapauxi.o(.text)
    __rt_heap_expand$2region                 0x000013c9   Thumb Code     2  heapauxi.o(.text)
    __aeabi_ddiv                             0x000013cd   Thumb Code     0  ddiv.o(.text)
    _ddiv                                    0x000013cd   Thumb Code  1072  ddiv.o(.text)
    _drdiv                                   0x000017fd   Thumb Code    20  ddiv.o(.text)
    __aeabi_d2uiz                            0x00001815   Thumb Code     0  dfixui.o(.text)
    _dfixu                                   0x00001815   Thumb Code    68  dfixui.o(.text)
    __aeabi_dmul                             0x0000185d   Thumb Code     0  dmul.o(.text)
    _dmul                                    0x0000185d   Thumb Code   558  dmul.o(.text)
    __aeabi_f2d                              0x00001aa5   Thumb Code     0  f2d.o(.text)
    _f2d                                     0x00001aa5   Thumb Code    80  f2d.o(.text)
    __aeabi_i2f_normalise                    0x00001af9   Thumb Code    72  fflti.o(.text)
    __aeabi_i2f                              0x00001b41   Thumb Code    16  fflti.o(.text)
    _fflt                                    0x00001b41   Thumb Code     0  fflti.o(.text)
    __aeabi_ui2f                             0x00001b51   Thumb Code     6  fflti.o(.text)
    _ffltu                                   0x00001b51   Thumb Code     0  fflti.o(.text)
    __user_setup_stackheap                   0x00001b57   Thumb Code    62  sys_stackheap_outer.o(.text)
    exit                                     0x00001b95   Thumb Code    16  exit.o(.text)
    __user_libspace                          0x00001ba5   Thumb Code     8  libspace.o(.text)
    __user_perproc_libspace                  0x00001ba5   Thumb Code     0  libspace.o(.text)
    __user_perthread_libspace                0x00001ba5   Thumb Code     0  libspace.o(.text)
    _sys_exit                                0x00001bad   Thumb Code     8  sys_exit.o(.text)
    __I$use$semihosting                      0x00001bb9   Thumb Code     0  use_no_semi.o(.text)
    __use_no_semihosting_swi                 0x00001bb9   Thumb Code     2  use_no_semi.o(.text)
    __ARM_common_switch8                     0x00001bbb   Thumb Code    28  system_sn32f700b.o(i.__ARM_common_switch8)
    __semihosting_library_function           0x00001bbb   Thumb Code     0  indicate_semi.o(.text)
    __I$use$fp                               0x00001bd6   Number         0  usenofp.o(x$fpl$usenofp)
    Region$$Table$$Base                      0x00001c58   Number         0  anon$$obj.o(Region$$Table)
    Region$$Table$$Limit                     0x00001c78   Number         0  anon$$obj.o(Region$$Table)
    cnt_limit                                0x20000000   Data           4  main.o(.data)
    cnt_on_1ms                               0x20000004   Data           4  main.o(.data)
    cnt                                      0x20000008   Data           4  main.o(.data)
    _t                                       0x2000000c   Data           4  main.o(.data)
    _10us_max                                0x20000010   Data           8  main.o(.data)
    t0                                       0x20000018   Data           8  main.o(.data)
    t1                                       0x20000020   Data           8  main.o(.data)
    tmrCnt                                   0x20000028   Data           8  systick.o(.data)
    usr_Hz_cnt                               0x20000030   Data           4  systick.o(.data)
    bUART0_RecvNew                           0x20000038   Data           1  uart0.o(.data)
    GulNum                                   0x2000003c   Data           4  uart0.o(.data)
    bUART0_RecvFIFO                          0x20000040   Data           3  uart0.o(.data)
    bUART0_TranFIFO                          0x20000043   Data           6  uart0.o(.data)
    usr_duty                                 0x2000004c   Data           4  uart0.o(.data)
    opt                                      0x20000050   Data           4  uart0.o(.data)
    quick_fix                                0x20000054   Data           4  uart0.o(.data)
    quick_fix1                               0x20000058   Data           4  uart0.o(.data)
    _10us_cnt                                0x20000060   Data           8  uart0.o(.data)
    bUART1_RecvNew                           0x20000068   Data           1  uart1.o(.data)
    GulNum1                                  0x2000006c   Data           4  uart1.o(.data)
    bUART1_RecvFIFO                          0x20000070   Data           6  uart1.o(.data)
    bUART1_TranFIFO                          0x20000076   Data           6  uart1.o(.data)
    SystemCoreClock                          0x2000007c   Data           4  system_sn32f700b.o(.data)
    __libspace_start                         0x20000080   Data          96  libspace.o(.bss)
    __temporary_stack_top$libspace           0x200000e0   Data           0  libspace.o(.bss)



==============================================================================

Memory Map of the image

  Image Entry point : 0x000000c1

  Load Region LR_IROM1 (Base: 0x00000000, Size: 0x00001cf8, Max: 0x00008000, ABSOLUTE)

    Execution Region ER_IROM1 (Exec base: 0x00000000, Load base: 0x00000000, Size: 0x00001c78, Max: 0x00008000, ABSOLUTE)

    Exec Addr    Load Addr    Size         Type   Attr      Idx    E Section Name        Object

    0x00000000   0x00000000   0x000000c0   Data   RO          216    RESET               startup_sn32f700b.o
    0x000000c0   0x000000c0   0x00000008   Code   RO          259  * !!!main             c_p.l(__main.o)
    0x000000c8   0x000000c8   0x0000003c   Code   RO          444    !!!scatter          c_p.l(__scatter.o)
    0x00000104   0x00000104   0x0000001a   Code   RO          446    !!handler_copy      c_p.l(__scatter_copy.o)
    0x0000011e   0x0000011e   0x00000002   PAD
    0x00000120   0x00000120   0x0000001c   Code   RO          448    !!handler_zi        c_p.l(__scatter_zi.o)
    0x0000013c   0x0000013c   0x00000002   Code   RO          313    .ARM.Collect$$libinit$$00000000  c_p.l(libinit.o)
    0x0000013e   0x0000013e   0x00000000   Code   RO          327    .ARM.Collect$$libinit$$00000002  c_p.l(libinit2.o)
    0x0000013e   0x0000013e   0x00000000   Code   RO          329    .ARM.Collect$$libinit$$00000004  c_p.l(libinit2.o)
    0x0000013e   0x0000013e   0x00000000   Code   RO          332    .ARM.Collect$$libinit$$0000000A  c_p.l(libinit2.o)
    0x0000013e   0x0000013e   0x00000000   Code   RO          334    .ARM.Collect$$libinit$$0000000C  c_p.l(libinit2.o)
    0x0000013e   0x0000013e   0x00000000   Code   RO          336    .ARM.Collect$$libinit$$0000000E  c_p.l(libinit2.o)
    0x0000013e   0x0000013e   0x00000000   Code   RO          339    .ARM.Collect$$libinit$$00000011  c_p.l(libinit2.o)
    0x0000013e   0x0000013e   0x00000000   Code   RO          341    .ARM.Collect$$libinit$$00000013  c_p.l(libinit2.o)
    0x0000013e   0x0000013e   0x00000000   Code   RO          343    .ARM.Collect$$libinit$$00000015  c_p.l(libinit2.o)
    0x0000013e   0x0000013e   0x00000000   Code   RO          345    .ARM.Collect$$libinit$$00000017  c_p.l(libinit2.o)
    0x0000013e   0x0000013e   0x00000000   Code   RO          347    .ARM.Collect$$libinit$$00000019  c_p.l(libinit2.o)
    0x0000013e   0x0000013e   0x00000000   Code   RO          349    .ARM.Collect$$libinit$$0000001B  c_p.l(libinit2.o)
    0x0000013e   0x0000013e   0x00000000   Code   RO          351    .ARM.Collect$$libinit$$0000001D  c_p.l(libinit2.o)
    0x0000013e   0x0000013e   0x00000000   Code   RO          353    .ARM.Collect$$libinit$$0000001F  c_p.l(libinit2.o)
    0x0000013e   0x0000013e   0x00000000   Code   RO          355    .ARM.Collect$$libinit$$00000021  c_p.l(libinit2.o)
    0x0000013e   0x0000013e   0x00000000   Code   RO          357    .ARM.Collect$$libinit$$00000023  c_p.l(libinit2.o)
    0x0000013e   0x0000013e   0x00000000   Code   RO          359    .ARM.Collect$$libinit$$00000025  c_p.l(libinit2.o)
    0x0000013e   0x0000013e   0x00000000   Code   RO          363    .ARM.Collect$$libinit$$0000002C  c_p.l(libinit2.o)
    0x0000013e   0x0000013e   0x00000000   Code   RO          365    .ARM.Collect$$libinit$$0000002E  c_p.l(libinit2.o)
    0x0000013e   0x0000013e   0x00000000   Code   RO          367    .ARM.Collect$$libinit$$00000030  c_p.l(libinit2.o)
    0x0000013e   0x0000013e   0x00000000   Code   RO          369    .ARM.Collect$$libinit$$00000032  c_p.l(libinit2.o)
    0x0000013e   0x0000013e   0x00000002   Code   RO          370    .ARM.Collect$$libinit$$00000033  c_p.l(libinit2.o)
    0x00000140   0x00000140   0x00000002   Code   RO          401    .ARM.Collect$$libshutdown$$00000000  c_p.l(libshutdown.o)
    0x00000142   0x00000142   0x00000000   Code   RO          427    .ARM.Collect$$libshutdown$$00000002  c_p.l(libshutdown2.o)
    0x00000142   0x00000142   0x00000000   Code   RO          429    .ARM.Collect$$libshutdown$$00000004  c_p.l(libshutdown2.o)
    0x00000142   0x00000142   0x00000000   Code   RO          432    .ARM.Collect$$libshutdown$$00000007  c_p.l(libshutdown2.o)
    0x00000142   0x00000142   0x00000000   Code   RO          435    .ARM.Collect$$libshutdown$$0000000A  c_p.l(libshutdown2.o)
    0x00000142   0x00000142   0x00000000   Code   RO          437    .ARM.Collect$$libshutdown$$0000000C  c_p.l(libshutdown2.o)
    0x00000142   0x00000142   0x00000000   Code   RO          440    .ARM.Collect$$libshutdown$$0000000F  c_p.l(libshutdown2.o)
    0x00000142   0x00000142   0x00000002   Code   RO          441    .ARM.Collect$$libshutdown$$00000010  c_p.l(libshutdown2.o)
    0x00000144   0x00000144   0x00000000   Code   RO          272    .ARM.Collect$$rtentry$$00000000  c_p.l(__rtentry.o)
    0x00000144   0x00000144   0x00000000   Code   RO          283    .ARM.Collect$$rtentry$$00000002  c_p.l(__rtentry2.o)
    0x00000144   0x00000144   0x00000006   Code   RO          295    .ARM.Collect$$rtentry$$00000004  c_p.l(__rtentry4.o)
    0x0000014a   0x0000014a   0x00000000   Code   RO          285    .ARM.Collect$$rtentry$$00000009  c_p.l(__rtentry2.o)
    0x0000014a   0x0000014a   0x00000004   Code   RO          286    .ARM.Collect$$rtentry$$0000000A  c_p.l(__rtentry2.o)
    0x0000014e   0x0000014e   0x00000000   Code   RO          288    .ARM.Collect$$rtentry$$0000000C  c_p.l(__rtentry2.o)
    0x0000014e   0x0000014e   0x00000008   Code   RO          289    .ARM.Collect$$rtentry$$0000000D  c_p.l(__rtentry2.o)
    0x00000156   0x00000156   0x00000002   Code   RO          318    .ARM.Collect$$rtexit$$00000000  c_p.l(rtexit.o)
    0x00000158   0x00000158   0x00000000   Code   RO          374    .ARM.Collect$$rtexit$$00000002  c_p.l(rtexit2.o)
    0x00000158   0x00000158   0x00000004   Code   RO          375    .ARM.Collect$$rtexit$$00000003  c_p.l(rtexit2.o)
    0x0000015c   0x0000015c   0x00000006   Code   RO          376    .ARM.Collect$$rtexit$$00000004  c_p.l(rtexit2.o)
    0x00000162   0x00000162   0x00000002   PAD
    0x00000164   0x00000164   0x00000130   Code   RO            3    .text               main.o
    0x00000294   0x00000294   0x000008e0   Code   RO           71    .text               gpio.o
    0x00000b74   0x00000b74   0x0000005c   Code   RO          123    .text               systick.o
    0x00000bd0   0x00000bd0   0x000002ac   Code   RO          159    .text               uart0.o
    0x00000e7c   0x00000e7c   0x000001ac   Code   RO          189    .text               uart1.o
    0x00001028   0x00001028   0x0000002c   Code   RO          217    .text               startup_sn32f700b.o
    0x00001054   0x00001054   0x00000114   Code   RO          223    .text               system_sn32f700b.o
    0x00001168   0x00001168   0x00000102   Code   RO          251    .text               c_p.l(lludiv.o)
    0x0000126a   0x0000126a   0x0000015a   Code   RO          253    .text               c_p.l(aeabi_sdiv.o)
    0x000013c4   0x000013c4   0x00000006   Code   RO          257    .text               c_p.l(heapauxi.o)
    0x000013ca   0x000013ca   0x00000002   PAD
    0x000013cc   0x000013cc   0x00000448   Code   RO          261    .text               fz_ps.l(ddiv.o)
    0x00001814   0x00001814   0x00000048   Code   RO          264    .text               fz_ps.l(dfixui.o)
    0x0000185c   0x0000185c   0x00000248   Code   RO          266    .text               fz_ps.l(dmul.o)
    0x00001aa4   0x00001aa4   0x00000054   Code   RO          268    .text               fz_ps.l(f2d.o)
    0x00001af8   0x00001af8   0x0000005e   Code   RO          270    .text               fz_ps.l(fflti.o)
    0x00001b56   0x00001b56   0x0000003e   Code   RO          299    .text               c_p.l(sys_stackheap_outer.o)
    0x00001b94   0x00001b94   0x00000010   Code   RO          302    .text               c_p.l(exit.o)
    0x00001ba4   0x00001ba4   0x00000008   Code   RO          314    .text               c_p.l(libspace.o)
    0x00001bac   0x00001bac   0x0000000c   Code   RO          371    .text               c_p.l(sys_exit.o)
    0x00001bb8   0x00001bb8   0x00000002   Code   RO          390    .text               c_p.l(use_no_semi.o)
    0x00001bba   0x00001bba   0x00000000   Code   RO          392    .text               c_p.l(indicate_semi.o)
    0x00001bba   0x00001bba   0x0000001c   Code   RO          241    i.__ARM_common_switch8  system_sn32f700b.o
    0x00001bd6   0x00001bd6   0x00000000   Code   RO          281    x$fpl$usenofp       fz_ps.l(usenofp.o)
    0x00001bd6   0x00001bd6   0x00000080   Data   RO          262    .constdata          fz_ps.l(ddiv.o)
    0x00001c56   0x00001c56   0x00000002   PAD
    0x00001c58   0x00001c58   0x00000020   Data   RO          442    Region$$Table       anon$$obj.o


    Execution Region RW_IRAM1 (Exec base: 0x20000000, Load base: 0x00001c78, Size: 0x000002e0, Max: 0x00002000, ABSOLUTE)

    Exec Addr    Load Addr    Size         Type   Attr      Idx    E Section Name        Object

    0x20000000   0x00001c78   0x00000028   Data   RW            4    .data               main.o
    0x20000028   0x00001ca0   0x0000000c   Data   RW          124    .data               systick.o
    0x20000034   0x00001cac   0x00000004   PAD
    0x20000038   0x00001cb0   0x00000030   Data   RW          160    .data               uart0.o
    0x20000068   0x00001ce0   0x00000014   Data   RW          190    .data               uart1.o
    0x2000007c   0x00001cf4   0x00000004   Data   RW          224    .data               system_sn32f700b.o
    0x20000080        -       0x00000060   Zero   RW          315    .bss                c_p.l(libspace.o)
    0x200000e0        -       0x00000000   Zero   RW          215    HEAP                startup_sn32f700b.o
    0x200000e0        -       0x00000200   Zero   RW          214    STACK               startup_sn32f700b.o



  Load Region LR$$.ARM.__at_0x1FFF2000 (Base: 0x1fff2000, Size: 0x00000004, Max: 0x00000004, ABSOLUTE)

    Execution Region ER$$.ARM.__at_0x1FFF2000 (Exec base: 0x1fff2000, Load base: 0x1fff2000, Size: 0x00000004, Max: 0x00000004, ABSOLUTE, UNINIT)

    Exec Addr    Load Addr    Size         Type   Attr      Idx    E Section Name        Object

    0x1fff2000   0x1fff2000   0x00000004   Code   RO           66    .ARM.__at_0x1FFF2000  codeoption_sn32f700b.o


==============================================================================

Image component sizes


      Code (inc. data)   RO Data    RW Data    ZI Data      Debug   Object Name

         4          4          0          0          0        204   codeoption_sn32f700b.o
      2272         52          0          0          0      13173   gpio.o
       304         34          0         40          0      28888   main.o
        44         18        192          0        512        636   startup_sn32f700b.o
       304         56          0          4          0       1149   system_sn32f700b.o
        92         12          0         12          0        851   systick.o
       684         44          0         48          0      10437   uart0.o
       428         28          0         20          0       2382   uart1.o

    ----------------------------------------------------------------------
      4132        248        224        128        512      57720   Object Totals
         0          0         32          0          0          0   (incl. Generated)
         0          0          0          4          0          0   (incl. Padding)

    ----------------------------------------------------------------------

      Code (inc. data)   RO Data    RW Data    ZI Data      Debug   Library Member Name

         8          0          0          0          0         68   __main.o
         0          0          0          0          0          0   __rtentry.o
        12          0          0          0          0          0   __rtentry2.o
         6          0          0          0          0          0   __rtentry4.o
        60          8          0          0          0          0   __scatter.o
        26          0          0          0          0          0   __scatter_copy.o
        28          0          0          0          0          0   __scatter_zi.o
       346          0          0          0          0         92   aeabi_sdiv.o
        16          0          0          0          0         68   exit.o
         6          0          0          0          0        136   heapauxi.o
         0          0          0          0          0          0   indicate_semi.o
         2          0          0          0          0          0   libinit.o
         2          0          0          0          0          0   libinit2.o
         2          0          0          0          0          0   libshutdown.o
         2          0          0          0          0          0   libshutdown2.o
         8          4          0          0         96         68   libspace.o
       258          0          0          0          0         88   lludiv.o
         2          0          0          0          0          0   rtexit.o
        10          0          0          0          0          0   rtexit2.o
        12          4          0          0          0         60   sys_exit.o
        62          0          0          0          0         80   sys_stackheap_outer.o
         2          0          0          0          0         68   use_no_semi.o
      1096         26        128          0          0        112   ddiv.o
        72          4          0          0          0         68   dfixui.o
       584         26          0          0          0         84   dmul.o
        84          4          0          0          0         60   f2d.o
        94          0          0          0          0         92   fflti.o
         0          0          0          0          0          0   usenofp.o

    ----------------------------------------------------------------------
      2806         76        130          0         96       1144   Library Totals
         6          0          2          0          0          0   (incl. Padding)

    ----------------------------------------------------------------------

      Code (inc. data)   RO Data    RW Data    ZI Data      Debug   Library Name

       870         16          0          0         96        728   c_p.l
      1930         60        128          0          0        416   fz_ps.l

    ----------------------------------------------------------------------
      2806         76        130          0         96       1144   Library Totals

    ----------------------------------------------------------------------

==============================================================================


      Code (inc. data)   RO Data    RW Data    ZI Data      Debug   

      6938        324        354        128        608      57884   Grand Totals
      6938        324        354        128        608      57884   ELF Image Totals
      6938        324        354        128          0          0   ROM Totals

==============================================================================

    Total RO  Size (Code + RO Data)                 7292 (   7.12kB)
    Total RW  Size (RW Data + ZI Data)               736 (   0.72kB)
    Total ROM Size (Code + RO Data + RW Data)       7420 (   7.25kB)

==============================================================================

