<html>
<body>
<pre>
<h1>µVision Build Log</h1>
<h2>Tool Versions:</h2>
IDE-Version: £gVision V5.25.3.0
Copyright (C) 2018 ARM Ltd and ARM Germany GmbH. All rights reserved.
License Information: YW CHENG, PERSONAL, LIC=R4HGK-ZANH7-9X3UW-QJMZJ-Q96MD-AQGKA
 
Tool Versions:
Toolchain:       MDK-ARM Professional  Version: 5.23
Toolchain Path:  C:\Keil_v5\ARM\ARMCC\Bin
C Compiler:      Armcc.exe V5.06 update 4 (build 422)
Assembler:       Armasm.exe V5.06 update 4 (build 422)
Linker/Locator:  ArmLink.exe V5.06 update 4 (build 422)
Library Manager: ArmAr.exe V5.06 update 4 (build 422)
Hex Converter:   FromElf.exe V5.06 update 4 (build 422)
CPU DLL:         SARMCM3.DLL V5.23
Dialog DLL:      DARMCM1.DLL V1.17.0.0
Target DLL:      SNLink\SNLINK.dll V1.0.0.1
Dialog DLL:      TARMCM1.DLL V1.12.0.0
 
<h2>Project:</h2>
C:\Users\yueh-wencheng\Downloads\sonix\GPIO_181011\SN32F700B_Demo.uvprojx
Project File Date:  10/08/2018

<h2>Output:</h2>
*** Using Compiler 'V5.06 update 4 (build 422)', folder: 'C:\Keil_v5\ARM\ARMCC\Bin'
Rebuild target 'SN32F700B'
assembling CodeOption_SN32F700B.s...
compiling main.c...
compiling GPIO.c...
compiling Utility.c...
compiling SysTick.c...
assembling startup_SN32F700B.s...
compiling UART0.c...
compiling UART1.c...
compiling system_SN32F700B.c...
linking...
Program Size: Code=6938 RO-data=354 RW-data=128 ZI-data=608  
FromELF: creating hex file...
After Build - User command #1: HexConvert.exe SN32F700B "C:\Users\yueh-wencheng\Downloads\sonix\GPIO_181011\obj\SN32F700B.HEX" 0
HexConvertVer = V24
CheckSum = 0x4879
".\obj\SN32F700B.axf" - 0 Error(s), 0 Warning(s).

<h2>Software Packages used:</h2>

Package Vendor: ARM
                http://www.keil.com/pack/ARM.CMSIS.5.4.0.pack
                ARM.CMSIS.5.4.0
                CMSIS (Cortex Microcontroller Software Interface Standard)
   * Component: CORE Version: 5.1.2

Package Vendor: SONiX
                http://liveupdate.sonix.com.tw/sonix/develop_tool/MCU/DFP/SONiX.SN32F7_DFP.1.4.5.pack
                SONiX.SN32F7_DFP.1.4.5
                SONiX SN32F7 Series Device Support and Examples
   * Component: Startup Version: 1.0.4

<h2>Collection of Component include folders:</h2>
  .\RTE\_SN32F700B
  C:\Keil_v5\ARM\PACK\ARM\CMSIS\5.4.0\CMSIS\Core\Include
  C:\Keil_v5\ARM\PACK\SONiX\SN32F7_DFP\1.4.5\Device\Include

<h2>Collection of Component Files used:</h2>

   * Component: ARM::CMSIS:CORE:5.1.2

   * Component: SONiX::Device:Startup:1.0.4
      Source file:   Device\Source\ARM\startup_SN32F700B.s
      Source file:   Device\Source\system_SN32F700B.c
Build Time Elapsed:  00:00:01
</pre>
</body>
</html>
